   1:				
   2:     -	0000          	        org 0x0000
   3:     -	0000          	init:
   4:    0+7	0000  3E00    	        LD A,0x00
   5:    7+13	0002  320080  	        LD (0x8000),A
   6:				        
   7:				
   8:   20+14	0005  DD210030	        LD IX,0x3000
   9:   34+10	0009  010100  	        LD BC,0x01
  10:     -	000C          	loop1:
  11:   44+15	000C  DD09    	        ADD IX,BC
  12:   59+7+5	000E  30FC    	        JR NC, loop1
  13:     -	0010          	output:
  14:				        ;;LD A,B
  15:   66+13	0010  3A0080  	        LD A,(0x8000)
  16:   79+11	0013  D320    	        OUT (0x20),A
  17:   90+7	0015  EEFF    	        XOR 0xFF
  18:   97+13	0017  320080  	        LD (0x8000),A
  19:				        ;;LD B,A
  20:  110+14	001A  DD210030	        LD IX,0x3000
  21:  124+12	001E  18EC    	        JR loop1



Statistics:

     3	passes
     0	jr promotions
     3	symbols
    32	bytes



Symbol Table:

init            00        0
loop1           0C        12
output          10        16
